../Core/Src/main.c:81:5:main	8	static
../Core/Src/main.c:136:6:SystemClock_Config	88	static
../Core/Src/main.c:181:13:MX_TIM1_Init	96	static
../Core/Src/main.c:256:13:MX_TIM2_Init	56	static
../Core/Src/main.c:305:13:MX_TIM5_Init	32	static
../Core/Src/main.c:350:13:MX_USART2_UART_Init	8	static
../Core/Src/main.c:383:13:MX_GPIO_Init	48	static
../Core/Src/main.c:440:6:Unwrap	4	static
../Core/Src/main.c:450:7:GetRealdegrees	16	static
../Core/Src/main.c:454:7:GetRealrads	16	static
../Core/Src/main.c:487:6:Kalman	32	static
../Core/Src/main.c:521:6:HAL_TIM_PeriodElapsedCallback	16	static
../Core/Src/main.c:529:6:togle	4	static
../Core/Src/main.c:542:6:HAL_GPIO_EXTI_Callback	16	static
../Core/Src/main.c:549:10:aaabs	16	static
../Core/Src/main.c:561:6:Drivemotor	24	static
../Core/Src/main.c:593:6:Error_Handler	4	static,ignoring_inline_asm
