../Core/Src/main.c:74:5:main	8	static
../Core/Src/main.c:126:6:SystemClock_Config	88	static
../Core/Src/main.c:171:13:MX_TIM2_Init	56	static
../Core/Src/main.c:220:13:MX_TIM5_Init	32	static
../Core/Src/main.c:265:13:MX_USART2_UART_Init	8	static
../Core/Src/main.c:298:13:MX_GPIO_Init	48	static
../Core/Src/main.c:334:6:Unwrap	4	static
../Core/Src/main.c:344:7:GetRealdegrees	16	static
../Core/Src/main.c:348:7:GetRealrads	16	static
../Core/Src/main.c:379:6:Kalman	32	static
../Core/Src/main.c:405:6:HAL_TIM_PeriodElapsedCallback	16	static
../Core/Src/main.c:417:6:Error_Handler	4	static,ignoring_inline_asm
